Sender: LSF System <lsfadmin@b6d08499dc.cern.ch>
Subject: Job 148248184[7]: <DYJetsH100T200RS[1,2,3,4,5,6,7,8,9,10,11,12,13,14,15,16,17]> in cluster <batch> Done

Job <DYJetsH100T200RS[1,2,3,4,5,6,7,8,9,10,11,12,13,14,15,16,17]> was submitted from host <lxplus085.cern.ch> by user <aashah> in cluster <batch>.
Job was executed on host(s) <b6d08499dc.cern.ch>, in queue <1nd>, as user <aashah> in cluster <batch>.
</afs/cern.ch/user/a/aashah> was used as the home directory.
</afs/cern.ch/work/a/aashah/mub_analysis/CMSSW_9_4_4/src/Haamm/HaNaMiniAnalyzer/test/In_CMSSW_94X> was used as the working directory.
Started at Fri Mar  2 10:23:52 2018
Results reported on Fri Mar  2 10:27:24 2018

Your job looked like:

------------------------------------------------------------
# LSBATCH: User input
/afs/cern.ch/work/a/aashah/mub_analysis/CMSSW_9_4_4/src/Haamm/HaNaMiniAnalyzer/test/In_CMSSW_94X/SetupAndRun.sh /afs/cern.ch/work/a/aashah/mub_analysis/CMSSW_9_4_4/src/Haamm/HaNaMiniAnalyzer/test/In_CMSSW_94X/.x509up_u72964 slc6_amd64_gcc630 CMSSW_9_4_4 CMSSW_94X DYJetsH100T200 out /eos/cms/store/user/aashah/Out_CMSSW_94X 15
------------------------------------------------------------

Successfully completed.

Resource usage summary:

    CPU time :                                   96.83 sec.
    Max Memory :                                 492.55 MB
    Average Memory :                             121.11 MB
    Total Requested Memory :                     -
    Delta Memory :                               -
    Max Swap :                                   719 MB
    Max Processes :                              16
    Max Threads :                                17
    Run time :                                   203 sec.
    Turnaround time :                            214 sec.

The output (if any) follows:

@(#)CERN job starter $Date: 2010/06/23 14:22:16 $
Working directory is </pool/lsf/aashah/148248184.7> on <b6d08499dc.cern.ch>

subject   : /DC=ch/DC=cern/OU=Organic Units/OU=Users/CN=aashah/CN=761631/CN=Aashaq Hussain Shah/CN=1309534304
issuer    : /DC=ch/DC=cern/OU=Organic Units/OU=Users/CN=aashah/CN=761631/CN=Aashaq Hussain Shah
identity  : /DC=ch/DC=cern/OU=Organic Units/OU=Users/CN=aashah/CN=761631/CN=Aashaq Hussain Shah
type      : RFC3820 compliant impersonation proxy
strength  : 1024
path      : /afs/cern.ch/work/a/aashah/mub_analysis/CMSSW_9_4_4/src/Haamm/HaNaMiniAnalyzer/test/In_CMSSW_94X/.x509up_u72964
timeleft  : 999:56:55
key usage : Digital Signature, Key Encipherment
WARNING: In non-interactive mode release checks e.g. deprecated releases, production architectures are disabled.
>> Local Products Rules ..... started
>> Local Products Rules ..... done
>> Building CMSSW version CMSSW_9_4_4 ----
>> Subsystem BigProducts built
gmake[1]: Entering directory '/pool/lsf/aashah/148248184.7/CMSSW_9_4_4'
>> Local Products Rules ..... started
>> Local Products Rules ..... done
>> Creating project symlinks
>> Done python_symlink
>> Compiling python modules cfipython/slc6_amd64_gcc630
>> Compiling python modules python
>> All python modules compiled
>> Plugins of all types refreshed.
>> Done generating edm plugin poisoned information
gmake[1]: Leaving directory '/pool/lsf/aashah/148248184.7/CMSSW_9_4_4'
Cloning into 'HaNaMiniAnalyzer'...
Already on 'CMSSW_94X'
Your branch is up-to-date with 'origin/CMSSW_94X'.
Reading cached build data
>> Local Products Rules ..... started
>> Local Products Rules ..... done
>> Entering Package Haamm/HaNaMiniAnalyzer
>> Creating project symlinks
Entering library rule at src/Haamm/HaNaMiniAnalyzer/plugins
>> Compiling edm plugin /pool/lsf/aashah/148248184.7/CMSSW_9_4_4/src/Haamm/HaNaMiniAnalyzer/plugins/TreeHamb.cc 
>> Compiling edm plugin /pool/lsf/aashah/148248184.7/CMSSW_9_4_4/src/Haamm/HaNaMiniAnalyzer/plugins/Hamb.cc 
Entering library rule at Haamm/HaNaMiniAnalyzer
>> Compiling  /pool/lsf/aashah/148248184.7/CMSSW_9_4_4/src/Haamm/HaNaMiniAnalyzer/src/HambTree.cc 
>> Compiling  /pool/lsf/aashah/148248184.7/CMSSW_9_4_4/src/Haamm/HaNaMiniAnalyzer/src/JetReader.cc 
>> Compiling  /pool/lsf/aashah/148248184.7/CMSSW_9_4_4/src/Haamm/HaNaMiniAnalyzer/src/BTagCalibrationReader.cc 
>> Compiling  /pool/lsf/aashah/148248184.7/CMSSW_9_4_4/src/Haamm/HaNaMiniAnalyzer/src/DiMuonReader.cc 
>> Compiling  /pool/lsf/aashah/148248184.7/CMSSW_9_4_4/src/Haamm/HaNaMiniAnalyzer/src/VertexReader.cc 
>> Compiling  /pool/lsf/aashah/148248184.7/CMSSW_9_4_4/src/Haamm/HaNaMiniAnalyzer/src/LHEEventReader.cc 
>> Compiling  /pool/lsf/aashah/148248184.7/CMSSW_9_4_4/src/Haamm/HaNaMiniAnalyzer/src/GenEventInfoProductReader.cc 
>> Compiling  /pool/lsf/aashah/148248184.7/CMSSW_9_4_4/src/Haamm/HaNaMiniAnalyzer/src/BaseMiniAnalyzer.cc 
>> Compiling  /pool/lsf/aashah/148248184.7/CMSSW_9_4_4/src/Haamm/HaNaMiniAnalyzer/src/Histograms.cc 
>> Compiling  /pool/lsf/aashah/148248184.7/CMSSW_9_4_4/src/Haamm/HaNaMiniAnalyzer/src/Category.cc 
>> Compiling  /pool/lsf/aashah/148248184.7/CMSSW_9_4_4/src/Haamm/HaNaMiniAnalyzer/src/METReader.cc 
>> Compiling  /pool/lsf/aashah/148248184.7/CMSSW_9_4_4/src/Haamm/HaNaMiniAnalyzer/src/HLTReader.cc 
>> Compiling  /pool/lsf/aashah/148248184.7/CMSSW_9_4_4/src/Haamm/HaNaMiniAnalyzer/src/BTagWeight.cc 
>> Compiling  /pool/lsf/aashah/148248184.7/CMSSW_9_4_4/src/Haamm/HaNaMiniAnalyzer/src/BTagCalibration.cc 
>> Compiling  /pool/lsf/aashah/148248184.7/CMSSW_9_4_4/src/Haamm/HaNaMiniAnalyzer/src/HaNaBaseMiniAnalyzer.cc 
>> Building shared library tmp/slc6_amd64_gcc630/src/Haamm/HaNaMiniAnalyzer/src/HaammHaNaMiniAnalyzer/libHaammHaNaMiniAnalyzer.so
Copying tmp/slc6_amd64_gcc630/src/Haamm/HaNaMiniAnalyzer/src/HaammHaNaMiniAnalyzer/libHaammHaNaMiniAnalyzer.so to productstore area:
Leaving library rule at Haamm/HaNaMiniAnalyzer
>> Building edm plugin tmp/slc6_amd64_gcc630/src/Haamm/HaNaMiniAnalyzer/plugins/HaammHaNaMiniAnalyzerAuto/libHaammHaNaMiniAnalyzerAuto.so
Leaving library rule at src/Haamm/HaNaMiniAnalyzer/plugins
@@@@ Running edmWriteConfigs for HaammHaNaMiniAnalyzerAuto
--- Registered EDM Plugin: HaammHaNaMiniAnalyzerAuto
>> Leaving Package Haamm/HaNaMiniAnalyzer
>> Package Haamm/HaNaMiniAnalyzer built
gmake[1]: Entering directory '/pool/lsf/aashah/148248184.7/CMSSW_9_4_4'
>> Local Products Rules ..... started
>> Local Products Rules ..... done
>> Creating project symlinks
>> Done python_symlink
>> Compiling python modules cfipython/slc6_amd64_gcc630/Haamm/HaNaMiniAnalyzer
>> Compiling python modules python
>> Compiling python modules src/Haamm/HaNaMiniAnalyzer/python
>> All python modules compiled
@@@@ Refreshing Plugins:edmPluginRefresh
>> Plugins of all types refreshed.
>> Done generating edm plugin poisoned information
gmake[1]: Leaving directory '/pool/lsf/aashah/148248184.7/CMSSW_9_4_4'
7
6
cmsRun Hamb_cfg.py sample=DYJetsH100T200 job=6 output=out maxEvents=-1 nFilesPerJob=15
/pool/lsf/aashah/148248184.7/CMSSW_9_4_4/src/Haamm/HaNaMiniAnalyzer/test/Samples94
Jet Energy Corrections to MC shall be applied
02-Mar-2018 10:25:56 CET  Initiating request to open file root://eoscms.cern.ch//eos/cms/store/mc/RunIIFall17MiniAOD/DYJetsToLL_M-4to50_HT-100to200_TuneCP5_13TeV-madgraphMLM-pythia8/MINIAODSIM/94X_mc2017_realistic_v10-v1/60000/5EE600BF-99E6-E711-8F56-0CC47A1DF7FE.root
02-Mar-2018 10:25:59 CET  Successfully opened file root://eoscms.cern.ch//eos/cms/store/mc/RunIIFall17MiniAOD/DYJetsToLL_M-4to50_HT-100to200_TuneCP5_13TeV-madgraphMLM-pythia8/MINIAODSIM/94X_mc2017_realistic_v10-v1/60000/5EE600BF-99E6-E711-8F56-0CC47A1DF7FE.root
02-Mar-2018 10:26:01 CET  Closed file root://eoscms.cern.ch//eos/cms/store/mc/RunIIFall17MiniAOD/DYJetsToLL_M-4to50_HT-100to200_TuneCP5_13TeV-madgraphMLM-pythia8/MINIAODSIM/94X_mc2017_realistic_v10-v1/60000/5EE600BF-99E6-E711-8F56-0CC47A1DF7FE.root
----- Begin Fatal Exception 02-Mar-2018 10:26:01 CET-----------------------
An exception of category 'FatalRootError' occurred while
   [0] Constructing the EventProcessor
   [1] Constructing module: class=TreeHamb label='Hamb'
   Additional Info:
      [a] Fatal Root Error: @SUB=TFile::TFile
file Setup94/pileUpMC.root does not exist

----- End Fatal Exception -------------------------------------------------
-rw-r--r-- 1 aashah zh 657 Mar  2 10:26 out_DYJetsH100T200_5EE600BF-99E6-E711-8F56-0CC47A1DF7FE_15.root
the file exists, is being renamed
1th Try

Job finished at Fri Mar  2 10:26:13 CET 2018 on node 
 under linux version Scientific Linux CERN SLC release 6.9 (Carbon)

CERN statistics: This process used approximately : 0:04:10 KSI2K hours (250 KSI2K seconds)
                 This process corresponds to     : 0:16:17 HS06  hours (977 HS06  seconds)
