Sender: LSF System <lsfadmin@b691c276f8.cern.ch>
Subject: Job 148248209[5]: <WZRS[1,2,3,4,5]> in cluster <batch> Done

Job <WZRS[1,2,3,4,5]> was submitted from host <lxplus085.cern.ch> by user <aashah> in cluster <batch>.
Job was executed on host(s) <b691c276f8.cern.ch>, in queue <1nd>, as user <aashah> in cluster <batch>.
</afs/cern.ch/user/a/aashah> was used as the home directory.
</afs/cern.ch/work/a/aashah/mub_analysis/CMSSW_9_4_4/src/Haamm/HaNaMiniAnalyzer/test/In_CMSSW_94X> was used as the working directory.
Started at Fri Mar  2 10:24:00 2018
Results reported on Fri Mar  2 10:27:27 2018

Your job looked like:

------------------------------------------------------------
# LSBATCH: User input
/afs/cern.ch/work/a/aashah/mub_analysis/CMSSW_9_4_4/src/Haamm/HaNaMiniAnalyzer/test/In_CMSSW_94X/SetupAndRun.sh /afs/cern.ch/work/a/aashah/mub_analysis/CMSSW_9_4_4/src/Haamm/HaNaMiniAnalyzer/test/In_CMSSW_94X/.x509up_u72964 slc6_amd64_gcc630 CMSSW_9_4_4 CMSSW_94X WZ out /eos/cms/store/user/aashah/Out_CMSSW_94X 15
------------------------------------------------------------

Successfully completed.

Resource usage summary:

    CPU time :                                   96.46 sec.
    Max Memory :                                 512.50 MB
    Average Memory :                             259.25 MB
    Total Requested Memory :                     -
    Delta Memory :                               -
    Max Swap :                                   747 MB
    Max Processes :                              16
    Max Threads :                                17
    Run time :                                   205 sec.
    Turnaround time :                            210 sec.

The output (if any) follows:

@(#)CERN job starter $Date: 2010/06/23 14:22:16 $
Working directory is </pool/lsf/aashah/148248209.5> on <b691c276f8.cern.ch>

subject   : /DC=ch/DC=cern/OU=Organic Units/OU=Users/CN=aashah/CN=761631/CN=Aashaq Hussain Shah/CN=1309534304
issuer    : /DC=ch/DC=cern/OU=Organic Units/OU=Users/CN=aashah/CN=761631/CN=Aashaq Hussain Shah
identity  : /DC=ch/DC=cern/OU=Organic Units/OU=Users/CN=aashah/CN=761631/CN=Aashaq Hussain Shah
type      : RFC3820 compliant impersonation proxy
strength  : 1024
path      : /afs/cern.ch/work/a/aashah/mub_analysis/CMSSW_9_4_4/src/Haamm/HaNaMiniAnalyzer/test/In_CMSSW_94X/.x509up_u72964
timeleft  : 999:56:46
key usage : Digital Signature, Key Encipherment
WARNING: In non-interactive mode release checks e.g. deprecated releases, production architectures are disabled.
>> Local Products Rules ..... started
>> Local Products Rules ..... done
>> Building CMSSW version CMSSW_9_4_4 ----
>> Subsystem BigProducts built
gmake[1]: Entering directory '/pool/lsf/aashah/148248209.5/CMSSW_9_4_4'
>> Local Products Rules ..... started
>> Local Products Rules ..... done
>> Creating project symlinks
>> Done python_symlink
>> Compiling python modules cfipython/slc6_amd64_gcc630
>> Compiling python modules python
>> All python modules compiled
>> Plugins of all types refreshed.
>> Done generating edm plugin poisoned information
gmake[1]: Leaving directory '/pool/lsf/aashah/148248209.5/CMSSW_9_4_4'
Cloning into 'HaNaMiniAnalyzer'...
Already on 'CMSSW_94X'
Your branch is up-to-date with 'origin/CMSSW_94X'.
Reading cached build data
>> Local Products Rules ..... started
>> Local Products Rules ..... done
>> Entering Package Haamm/HaNaMiniAnalyzer
>> Creating project symlinks
Entering library rule at Haamm/HaNaMiniAnalyzer
>> Compiling  /pool/lsf/aashah/148248209.5/CMSSW_9_4_4/src/Haamm/HaNaMiniAnalyzer/src/HambTree.cc 
>> Compiling  /pool/lsf/aashah/148248209.5/CMSSW_9_4_4/src/Haamm/HaNaMiniAnalyzer/src/JetReader.cc 
>> Compiling  /pool/lsf/aashah/148248209.5/CMSSW_9_4_4/src/Haamm/HaNaMiniAnalyzer/src/BTagCalibrationReader.cc 
>> Compiling  /pool/lsf/aashah/148248209.5/CMSSW_9_4_4/src/Haamm/HaNaMiniAnalyzer/src/DiMuonReader.cc 
>> Compiling  /pool/lsf/aashah/148248209.5/CMSSW_9_4_4/src/Haamm/HaNaMiniAnalyzer/src/VertexReader.cc 
>> Compiling  /pool/lsf/aashah/148248209.5/CMSSW_9_4_4/src/Haamm/HaNaMiniAnalyzer/src/LHEEventReader.cc 
>> Compiling  /pool/lsf/aashah/148248209.5/CMSSW_9_4_4/src/Haamm/HaNaMiniAnalyzer/src/GenEventInfoProductReader.cc 
>> Compiling  /pool/lsf/aashah/148248209.5/CMSSW_9_4_4/src/Haamm/HaNaMiniAnalyzer/src/BaseMiniAnalyzer.cc 
>> Compiling  /pool/lsf/aashah/148248209.5/CMSSW_9_4_4/src/Haamm/HaNaMiniAnalyzer/src/Histograms.cc 
>> Compiling  /pool/lsf/aashah/148248209.5/CMSSW_9_4_4/src/Haamm/HaNaMiniAnalyzer/src/Category.cc 
>> Compiling  /pool/lsf/aashah/148248209.5/CMSSW_9_4_4/src/Haamm/HaNaMiniAnalyzer/src/METReader.cc 
>> Compiling  /pool/lsf/aashah/148248209.5/CMSSW_9_4_4/src/Haamm/HaNaMiniAnalyzer/src/HLTReader.cc 
>> Compiling  /pool/lsf/aashah/148248209.5/CMSSW_9_4_4/src/Haamm/HaNaMiniAnalyzer/src/BTagWeight.cc 
>> Compiling  /pool/lsf/aashah/148248209.5/CMSSW_9_4_4/src/Haamm/HaNaMiniAnalyzer/src/BTagCalibration.cc 
>> Compiling  /pool/lsf/aashah/148248209.5/CMSSW_9_4_4/src/Haamm/HaNaMiniAnalyzer/src/HaNaBaseMiniAnalyzer.cc 
>> Building shared library tmp/slc6_amd64_gcc630/src/Haamm/HaNaMiniAnalyzer/src/HaammHaNaMiniAnalyzer/libHaammHaNaMiniAnalyzer.so
Copying tmp/slc6_amd64_gcc630/src/Haamm/HaNaMiniAnalyzer/src/HaammHaNaMiniAnalyzer/libHaammHaNaMiniAnalyzer.so to productstore area:
Leaving library rule at Haamm/HaNaMiniAnalyzer
Entering library rule at src/Haamm/HaNaMiniAnalyzer/plugins
>> Compiling edm plugin /pool/lsf/aashah/148248209.5/CMSSW_9_4_4/src/Haamm/HaNaMiniAnalyzer/plugins/TreeHamb.cc 
>> Compiling edm plugin /pool/lsf/aashah/148248209.5/CMSSW_9_4_4/src/Haamm/HaNaMiniAnalyzer/plugins/Hamb.cc 
>> Building edm plugin tmp/slc6_amd64_gcc630/src/Haamm/HaNaMiniAnalyzer/plugins/HaammHaNaMiniAnalyzerAuto/libHaammHaNaMiniAnalyzerAuto.so
Leaving library rule at src/Haamm/HaNaMiniAnalyzer/plugins
@@@@ Running edmWriteConfigs for HaammHaNaMiniAnalyzerAuto
--- Registered EDM Plugin: HaammHaNaMiniAnalyzerAuto
>> Leaving Package Haamm/HaNaMiniAnalyzer
>> Package Haamm/HaNaMiniAnalyzer built
gmake[1]: Entering directory '/pool/lsf/aashah/148248209.5/CMSSW_9_4_4'
>> Local Products Rules ..... started
>> Local Products Rules ..... done
>> Creating project symlinks
>> Done python_symlink
>> Compiling python modules cfipython/slc6_amd64_gcc630/Haamm/HaNaMiniAnalyzer
>> Compiling python modules python
>> Compiling python modules src/Haamm/HaNaMiniAnalyzer/python
>> All python modules compiled
@@@@ Refreshing Plugins:edmPluginRefresh
>> Plugins of all types refreshed.
>> Done generating edm plugin poisoned information
gmake[1]: Leaving directory '/pool/lsf/aashah/148248209.5/CMSSW_9_4_4'
5
4
cmsRun Hamb_cfg.py sample=WZ job=4 output=out maxEvents=-1 nFilesPerJob=15
/pool/lsf/aashah/148248209.5/CMSSW_9_4_4/src/Haamm/HaNaMiniAnalyzer/test/Samples94
Jet Energy Corrections to MC shall be applied
02-Mar-2018 10:26:21 CET  Initiating request to open file root://eoscms.cern.ch//eos/cms/store/mc/RunIIFall17MiniAOD/WZ_TuneCP5_13TeV-pythia8/MINIAODSIM/94X_mc2017_realistic_v10-v1/70000/C6EB1AA9-B5DB-E711-9460-0242AC130002.root
%MSG-w XrdAdaptorInternal:  file_open 02-Mar-2018 10:26:23 CET pre-events
Failed to open file at URL root://eoscms.cern.ch:1094//eos/cms/store/mc/RunIIFall17MiniAOD/WZ_TuneCP5_13TeV-pythia8/MINIAODSIM/94X_mc2017_realistic_v10-v1/70000/C6EB1AA9-B5DB-E711-9460-0242AC130002.root.
%MSG
%MSG-w XrdAdaptorInternal:  file_open 02-Mar-2018 10:26:23 CET pre-events
Failed to open file at URL root://eoscms.cern.ch:1094//eos/cms/store/mc/RunIIFall17MiniAOD/WZ_TuneCP5_13TeV-pythia8/MINIAODSIM/94X_mc2017_realistic_v10-v1/70000/C6EB1AA9-B5DB-E711-9460-0242AC130002.root?tried=.
%MSG
02-Mar-2018 10:26:23 CET  Fallback request to file root://xrootd-cms.infn.it//store/mc/RunIIFall17MiniAOD/WZ_TuneCP5_13TeV-pythia8/MINIAODSIM/94X_mc2017_realistic_v10-v1/70000/C6EB1AA9-B5DB-E711-9460-0242AC130002.root
%MSG-w XrdAdaptor:  file_open 02-Mar-2018 10:26:36 CET pre-events
Data is served from lnl.infn.it instead of original site infn.it
%MSG
02-Mar-2018 10:26:38 CET  Successfully opened file root://xrootd-cms.infn.it//store/mc/RunIIFall17MiniAOD/WZ_TuneCP5_13TeV-pythia8/MINIAODSIM/94X_mc2017_realistic_v10-v1/70000/C6EB1AA9-B5DB-E711-9460-0242AC130002.root
02-Mar-2018 10:26:41 CET  Closed file root://xrootd-cms.infn.it//store/mc/RunIIFall17MiniAOD/WZ_TuneCP5_13TeV-pythia8/MINIAODSIM/94X_mc2017_realistic_v10-v1/70000/C6EB1AA9-B5DB-E711-9460-0242AC130002.root
----- Begin Fatal Exception 02-Mar-2018 10:26:41 CET-----------------------
An exception of category 'FatalRootError' occurred while
   [0] Constructing the EventProcessor
   [1] Constructing module: class=TreeHamb label='Hamb'
   Additional Info:
      [a] Fatal Root Error: @SUB=TFile::TFile
file Setup94/pileUpMC.root does not exist

----- End Fatal Exception -------------------------------------------------
-rw-r--r-- 1 aashah zh 609 Mar  2 10:26 out_WZ_C6EB1AA9-B5DB-E711-9460-0242AC130002_15.root
the file exists, is being renamed
1th Try

Job finished at Fri Mar  2 10:26:53 CET 2018 on node 
 under linux version Scientific Linux CERN SLC release 6.9 (Carbon)

CERN statistics: This process used approximately : 0:04:09 KSI2K hours (249 KSI2K seconds)
                 This process corresponds to     : 0:16:13 HS06  hours (973 HS06  seconds)
